mkdir -p build
g++ -Wall -Werror -ggdb -c -o build/map.o src/map.cpp -I include
